// Jest Snapshot v1, https://goo.gl/fbAQLP

exports[`Pruebas basicas del componenete <CounterApp/> debe hacer match con el snapshot 1`] = `
<div>
  <h1>
    Counter App
  </h1>
  <h2
    data-testid="test-title"
  />
  <h3 />
  <p>
    6
  </p>
  <button>
    +
  </button>
  <button>
    -
  </button>
  <button>
    Reset
  </button>
</div>
`;
